../Core/Inc/FEB_CAN.h:30:6:HAL_CAN_RxFifo0MsgPendingCallback	16	static
../Core/Inc/FEB_CAN.h:36:6:FEB_CAN_Filter_Config	72	static
../Core/Inc/FEB_CAN.h:59:6:FEB_CAN_init	24	static
../Core/Src/main.c:73:5:main	8	static
../Core/Src/main.c:133:6:SystemClock_Config	88	static
../Core/Src/main.c:180:13:MX_CAN1_Init	8	static
../Core/Src/main.c:217:13:MX_I2C1_Init	8	static
../Core/Src/main.c:251:13:MX_USART2_UART_Init	8	static
../Core/Src/main.c:284:13:MX_GPIO_Init	48	static
../Core/Src/main.c:320:6:Error_Handler	4	static,ignoring_inline_asm
