../Core/Inc/FEB_CAN.h:30:6:HAL_CAN_RxFifo0MsgPendingCallback	16	static
../Core/Inc/FEB_CAN.h:35:6:FEB_CAN_Filter_Config	72	static
../Core/Inc/FEB_CAN.h:58:6:FEB_CAN_init	24	static
../Core/Src/main.c:72:5:main	16	static
../Core/Src/main.c:137:6:SystemClock_Config	88	static
../Core/Src/main.c:184:13:MX_CAN1_Init	8	static
../Core/Src/main.c:221:13:MX_I2C1_Init	8	static
../Core/Src/main.c:255:13:MX_USART2_UART_Init	8	static
../Core/Src/main.c:288:13:MX_GPIO_Init	48	static
../Core/Src/main.c:324:6:Error_Handler	4	static,ignoring_inline_asm
