../Core/Inc/FEB_NODE_ID.h:54:6:Store_BMS_Msg	24	static
../Core/Inc/FEB_NODE_ID.h:78:6:Store_SM_Msg	24	static
../Core/Inc/FEB_NODE_ID.h:100:6:Store_APPS_Msg	24	static
../Core/Inc/FEB_NODE_ID.h:121:22:assign_filter_array	16	static
../Core/Inc/FEB_NODE_ID.h:136:19:assign_filter_array_legnth	16	static
../Core/Inc/FEB_NODE_ID.h:151:6:store_msg	16	static
../Core/Inc/FEB_CAN.h:31:6:FEB_CAN_Filter_Config	72	static
../Core/Inc/FEB_CAN.h:54:6:FEB_CAN_Init	24	static
../Core/Inc/FEB_CAN.h:81:6:FEB_CAN_Receive	16	static
../Core/Inc/FEB_CAN.h:86:6:FEB_CAN_Transmit	24	static
../Core/Src/main.c:66:6:HAL_CAN_RxFifo0MsgPendingCallback	16	static
../Core/Src/main.c:77:5:main	24	static
../Core/Src/main.c:151:6:SystemClock_Config	88	static
../Core/Src/main.c:198:13:MX_CAN1_Init	8	static
../Core/Src/main.c:235:13:MX_I2C1_Init	8	static
../Core/Src/main.c:269:13:MX_USART2_UART_Init	8	static
../Core/Src/main.c:302:13:MX_GPIO_Init	48	static
../Core/Src/main.c:338:6:Error_Handler	4	static,ignoring_inline_asm
