../Core/Inc/FEB_CAN.h:31:6:HAL_CAN_RxFifo0MsgPendingCallback	16	static
../Core/Inc/FEB_CAN.h:37:6:FEB_CAN_Filter_Config	64	static
../Core/Inc/FEB_CAN.h:61:6:FEB_CAN_init	16	static
../Core/Src/main.c:72:5:main	16	static
../Core/Src/main.c:139:6:SystemClock_Config	88	static
../Core/Src/main.c:186:13:MX_CAN1_Init	8	static
../Core/Src/main.c:223:13:MX_I2C1_Init	8	static
../Core/Src/main.c:257:13:MX_USART2_UART_Init	8	static
../Core/Src/main.c:290:13:MX_GPIO_Init	48	static
../Core/Src/main.c:326:6:Error_Handler	4	static,ignoring_inline_asm
