../Core/Inc/FEB_CAN.h:32:6:SM_Buffer	4	static
../Core/Inc/FEB_CAN.h:48:6:APPS_Buffer	4	static
../Core/Inc/FEB_CAN.h:55:6:FEB_CAN_Filter_Config	72	static
../Core/Inc/FEB_CAN.h:78:6:FEB_CAN_init	24	static
../Core/Src/main.c:68:6:HAL_CAN_RxFifo0MsgPendingCallback	16	static
../Core/Src/main.c:79:5:main	8	static
../Core/Src/main.c:141:6:SystemClock_Config	88	static
../Core/Src/main.c:188:13:MX_CAN1_Init	8	static
../Core/Src/main.c:225:13:MX_I2C1_Init	8	static
../Core/Src/main.c:259:13:MX_USART2_UART_Init	8	static
../Core/Src/main.c:292:13:MX_GPIO_Init	48	static
../Core/Src/main.c:328:6:Error_Handler	4	static,ignoring_inline_asm
