../Core/Inc/FEB_NODE_ID.h:26:6:Store_BMS_Msg	24	static
../Core/Inc/FEB_NODE_ID.h:52:6:Store_SM_Msg	24	static
../Core/Inc/FEB_NODE_ID.h:81:6:Store_APPS_Msg	24	static
../Core/Inc/FEB_NODE_ID.h:112:22:assign_filter_array	16	static
../Core/Inc/FEB_NODE_ID.h:130:19:assign_filter_array_legnth	16	static
../Core/Inc/FEB_NODE_ID.h:148:6:store_msg	16	static
../Core/Inc/FEB_CAN.h:31:6:FEB_CAN_Filter_Config	72	static
../Core/Inc/FEB_CAN.h:54:6:FEB_CAN_Init	24	static
../Core/Inc/FEB_CAN.h:81:6:FEB_CAN_Receive	16	static
../Core/Inc/FEB_CAN.h:86:6:FEB_CAN_Transmit	24	static
../Core/Src/main.c:64:6:HAL_CAN_RxFifo0MsgPendingCallback	16	static
../Core/Src/main.c:74:5:main	8	static
../Core/Src/main.c:121:6:TransmitTorque	16	static
../Core/Src/main.c:133:6:SystemClock_Config	88	static
../Core/Src/main.c:180:13:MX_CAN1_Init	8	static
../Core/Src/main.c:217:13:MX_I2C1_Init	8	static
../Core/Src/main.c:251:13:MX_USART2_UART_Init	8	static
../Core/Src/main.c:284:13:MX_GPIO_Init	48	static
../Core/Src/main.c:320:6:Error_Handler	4	static,ignoring_inline_asm
